// Jest Snapshot v1, https://goo.gl/fbAQLP

exports[`configureStore returns a store object 1`] = `undefined`;
